(base) bmsce@bmsce-Precision-T1700:~$ su hduser
Password: 
hduser@bmsce-Precision-T1700:/home/bmsce$ start-all.sh
This script is Deprecated. Instead use start-dfs.sh and start-yarn.sh
WARNING: An illegal reflective access operation has occurred
WARNING: Illegal reflective access by org.apache.hadoop.security.authentication.util.KerberosUtil (file:/usr/local/hadoop/share/hadoop/common/lib/hadoop-auth-2.6.0.jar) to method sun.security.krb5.Config.getInstance()
WARNING: Please consider reporting this to the maintainers of org.apache.hadoop.security.authentication.util.KerberosUtil
WARNING: Use --illegal-access=warn to enable warnings of further illegal reflective access operations
WARNING: All illegal access operations will be denied in a future release
Starting namenodes on [localhost]
hduser@localhost's password: 
localhost: starting namenode, logging to /usr/local/hadoop/logs/hadoop-hduser-namenode-bmsce-Precision-T1700.out
hduser@localhost's password: 
localhost: starting datanode, logging to /usr/local/hadoop/logs/hadoop-hduser-datanode-bmsce-Precision-T1700.out
localhost: WARNING: An illegal reflective access operation has occurred
localhost: WARNING: Illegal reflective access by org.apache.hadoop.security.authentication.util.KerberosUtil (file:/usr/local/hadoop/share/hadoop/common/lib/hadoop-auth-2.6.0.jar) to method sun.security.krb5.Config.getInstance()
localhost: WARNING: Please consider reporting this to the maintainers of org.apache.hadoop.security.authentication.util.KerberosUtil
localhost: WARNING: Use --illegal-access=warn to enable warnings of further illegal reflective access operations
localhost: WARNING: All illegal access operations will be denied in a future release
Starting secondary namenodes [0.0.0.0]
hduser@0.0.0.0's password: 
0.0.0.0: starting secondarynamenode, logging to /usr/local/hadoop/logs/hadoop-hduser-secondarynamenode-bmsce-Precision-T1700.out
0.0.0.0: WARNING: An illegal reflective access operation has occurred
0.0.0.0: WARNING: Illegal reflective access by org.apache.hadoop.security.authentication.util.KerberosUtil (file:/usr/local/hadoop/share/hadoop/common/lib/hadoop-auth-2.6.0.jar) to method sun.security.krb5.Config.getInstance()
0.0.0.0: WARNING: Please consider reporting this to the maintainers of org.apache.hadoop.security.authentication.util.KerberosUtil
0.0.0.0: WARNING: Use --illegal-access=warn to enable warnings of further illegal reflective access operations
0.0.0.0: WARNING: All illegal access operations will be denied in a future release
WARNING: An illegal reflective access operation has occurred
WARNING: Illegal reflective access by org.apache.hadoop.security.authentication.util.KerberosUtil (file:/usr/local/hadoop/share/hadoop/common/lib/hadoop-auth-2.6.0.jar) to method sun.security.krb5.Config.getInstance()
WARNING: Please consider reporting this to the maintainers of org.apache.hadoop.security.authentication.util.KerberosUtil
WARNING: Use --illegal-access=warn to enable warnings of further illegal reflective access operations
WARNING: All illegal access operations will be denied in a future release
starting yarn daemons
starting resourcemanager, logging to /usr/local/hadoop/logs/yarn-hduser-resourcemanager-bmsce-Precision-T1700.out
WARNING: An illegal reflective access operation has occurred
WARNING: Illegal reflective access by org.apache.hadoop.security.authentication.util.KerberosUtil (file:/usr/local/hadoop/share/hadoop/common/lib/hadoop-auth-2.6.0.jar) to method sun.security.krb5.Config.getInstance()
WARNING: Please consider reporting this to the maintainers of org.apache.hadoop.security.authentication.util.KerberosUtil
WARNING: Use --illegal-access=warn to enable warnings of further illegal reflective access operations
WARNING: All illegal access operations will be denied in a future release
hduser@localhost's password: 
localhost: starting nodemanager, logging to /usr/local/hadoop/logs/yarn-hduser-nodemanager-bmsce-Precision-T1700.out
localhost: WARNING: An illegal reflective access operation has occurred
localhost: WARNING: Illegal reflective access by org.apache.hadoop.security.authentication.util.KerberosUtil (file:/usr/local/hadoop/share/hadoop/common/lib/hadoop-auth-2.6.0.jar) to method sun.security.krb5.Config.getInstance()
localhost: WARNING: Please consider reporting this to the maintainers of org.apache.hadoop.security.authentication.util.KerberosUtil
localhost: WARNING: Use --illegal-access=warn to enable warnings of further illegal reflective access operations
localhost: WARNING: All illegal access operations will be denied in a future release
hduser@bmsce-Precision-T1700:/home/bmsce$ jps
5365 NameNode
6391 Jps
5543 DataNode
5927 ResourceManager
6267 NodeManager
5759 SecondaryNameNode
hduser@bmsce-Precision-T1700:/home/bmsce$ hdfs dfs -mkdir /Anagha
hduser@bmsce-Precision-T1700:/home/bmsce$ hdfs dfs -copyFromLocal /home/bmsce/Desktop/BDA_lab2_sample /Anagha/text.txt
WARNING: An illegal reflective access operation has occurred
WARNING: Illegal reflective access by org.apache.hadoop.security.authentication.util.KerberosUtil (file:/usr/local/hadoop/share/hadoop/common/lib/hadoop-auth-2.6.0.jar) to method sun.security.krb5.Config.getInstance()
WARNING: Please consider reporting this to the maintainers of org.apache.hadoop.security.authentication.util.KerberosUtil
WARNING: Use --illegal-access=warn to enable warnings of further illegal reflective access operations
WARNING: All illegal access operations will be denied in a future release
hduser@bmsce-Precision-T1700:/home/bmsce$ hdfs dfs -ls /Anagha
WARNING: An illegal reflective access operation has occurred
WARNING: Illegal reflective access by org.apache.hadoop.security.authentication.util.KerberosUtil (file:/usr/local/hadoop/share/hadoop/common/lib/hadoop-auth-2.6.0.jar) to method sun.security.krb5.Config.getInstance()
WARNING: Please consider reporting this to the maintainers of org.apache.hadoop.security.authentication.util.KerberosUtil
WARNING: Use --illegal-access=warn to enable warnings of further illegal reflective access operations
WARNING: All illegal access operations will be denied in a future release
Found 1 items
-rw-r--r--   1 hduser supergroup        103 2022-06-25 09:32 /Anagha/text.txthduser@bmsce-Precision-T1700:/home/bmsce$ hadoop jar /home/bmsce/Desktop/TopN_224.jar TopN /Anagha/text.txt /outputtopN
WARNING: An illegal reflective access operation has occurred
WARNING: Illegal reflective access by org.apache.hadoop.security.authentication.util.KerberosUtil (file:/usr/local/hadoop/share/hadoop/common/lib/hadoop-auth-2.6.0.jar) to method sun.security.krb5.Config.getInstance()
WARNING: Please consider reporting this to the maintainers of org.apache.hadoop.security.authentication.util.KerberosUtil
WARNING: Use --illegal-access=warn to enable warnings of further illegal reflective access operations
WARNING: All illegal access operations will be denied in a future release
22/06/25 10:18:23 INFO Configuration.deprecation: session.id is deprecated. Instead, use dfs.metrics.session-id
22/06/25 10:18:23 INFO jvm.JvmMetrics: Initializing JVM Metrics with processName=JobTracker, sessionId=
22/06/25 10:18:23 INFO input.FileInputFormat: Total input paths to process : 1
22/06/25 10:18:23 INFO mapreduce.JobSubmitter: number of splits:1
22/06/25 10:18:23 INFO mapreduce.JobSubmitter: Submitting tokens for job: job_local145472001_0001
22/06/25 10:18:23 INFO mapreduce.Job: The url to track the job: http://localhost:8080/
22/06/25 10:18:23 INFO mapreduce.Job: Running job: job_local145472001_0001
22/06/25 10:18:23 INFO mapred.LocalJobRunner: OutputCommitter set in config null
22/06/25 10:18:23 INFO mapred.LocalJobRunner: OutputCommitter is org.apache.hadoop.mapreduce.lib.output.FileOutputCommitter
22/06/25 10:18:23 INFO mapred.LocalJobRunner: Waiting for map tasks
22/06/25 10:18:23 INFO mapred.LocalJobRunner: Starting task: attempt_local145472001_0001_m_000000_0
22/06/25 10:18:23 INFO mapred.Task:  Using ResourceCalculatorProcessTree : [ ]
22/06/25 10:18:23 INFO mapred.MapTask: Processing split: hdfs://localhost:54310/Anagha/text.txt:0+103
22/06/25 10:18:23 INFO mapred.MapTask: (EQUATOR) 0 kvi 26214396(104857584)
22/06/25 10:18:23 INFO mapred.MapTask: mapreduce.task.io.sort.mb: 100
22/06/25 10:18:23 INFO mapred.MapTask: soft limit at 83886080
22/06/25 10:18:23 INFO mapred.MapTask: bufstart = 0; bufvoid = 104857600
22/06/25 10:18:23 INFO mapred.MapTask: kvstart = 26214396; length = 6553600
22/06/25 10:18:23 INFO mapred.MapTask: Map output collector class = org.apache.hadoop.mapred.MapTask$MapOutputBuffer
22/06/25 10:18:23 INFO mapred.LocalJobRunner: 
22/06/25 10:18:23 INFO mapred.MapTask: Starting flush of map output
22/06/25 10:18:23 INFO mapred.MapTask: Spilling map output
22/06/25 10:18:23 INFO mapred.MapTask: bufstart = 0; bufend = 162; bufvoid = 104857600
22/06/25 10:18:23 INFO mapred.MapTask: kvstart = 26214396(104857584); kvend = 26214340(104857360); length = 57/6553600
22/06/25 10:18:23 INFO mapred.MapTask: Finished spill 0
22/06/25 10:18:23 INFO mapred.Task: Task:attempt_local145472001_0001_m_000000_0 is done. And is in the process of committing
22/06/25 10:18:23 INFO mapred.LocalJobRunner: map
22/06/25 10:18:23 INFO mapred.Task: Task 'attempt_local145472001_0001_m_000000_0' done.
22/06/25 10:18:23 INFO mapred.LocalJobRunner: Finishing task: attempt_local145472001_0001_m_000000_0
22/06/25 10:18:23 INFO mapred.LocalJobRunner: map task executor complete.
22/06/25 10:18:23 INFO mapred.LocalJobRunner: Waiting for reduce tasks
22/06/25 10:18:23 INFO mapred.LocalJobRunner: Starting task: attempt_local145472001_0001_r_000000_0
22/06/25 10:18:23 INFO mapred.Task:  Using ResourceCalculatorProcessTree : [ ]
22/06/25 10:18:23 INFO mapred.ReduceTask: Using ShuffleConsumerPlugin: org.apache.hadoop.mapreduce.task.reduce.Shuffle@7cd7c003
22/06/25 10:18:23 INFO reduce.MergeManagerImpl: MergerManager: memoryLimit=375809632, maxSingleShuffleLimit=93952408, mergeThreshold=248034368, ioSortFactor=10, memToMemMergeOutputsThreshold=10
22/06/25 10:18:23 INFO reduce.EventFetcher: attempt_local145472001_0001_r_000000_0 Thread started: EventFetcher for fetching Map Completion Events
22/06/25 10:18:23 INFO reduce.LocalFetcher: localfetcher#1 about to shuffle output of map attempt_local145472001_0001_m_000000_0 decomp: 194 len: 198 to MEMORY
22/06/25 10:18:23 INFO reduce.InMemoryMapOutput: Read 194 bytes from map-output for attempt_local145472001_0001_m_000000_0
22/06/25 10:18:23 INFO reduce.MergeManagerImpl: closeInMemoryFile -> map-output of size: 194, inMemoryMapOutputs.size() -> 1, commitMemory -> 0, usedMemory ->194
22/06/25 10:18:23 INFO reduce.EventFetcher: EventFetcher is interrupted.. Returning
22/06/25 10:18:23 INFO mapred.LocalJobRunner: 1 / 1 copied.
22/06/25 10:18:23 INFO reduce.MergeManagerImpl: finalMerge called with 1 in-memory map-outputs and 0 on-disk map-outputs
22/06/25 10:18:23 INFO mapred.Merger: Merging 1 sorted segments
22/06/25 10:18:23 INFO mapred.Merger: Down to the last merge-pass, with 1 segments left of total size: 179 bytes
22/06/25 10:18:23 INFO reduce.MergeManagerImpl: Merged 1 segments, 194 bytes to disk to satisfy reduce memory limit
22/06/25 10:18:23 INFO reduce.MergeManagerImpl: Merging 1 files, 198 bytes from disk
22/06/25 10:18:23 INFO reduce.MergeManagerImpl: Merging 0 segments, 0 bytes from memory into reduce
22/06/25 10:18:23 INFO mapred.Merger: Merging 1 sorted segments
22/06/25 10:18:23 INFO mapred.Merger: Down to the last merge-pass, with 1 segments left of total size: 179 bytes
22/06/25 10:18:23 INFO mapred.LocalJobRunner: 1 / 1 copied.
22/06/25 10:18:23 INFO Configuration.deprecation: mapred.skip.on is deprecated. Instead, use mapreduce.job.skiprecords
22/06/25 10:18:23 INFO mapred.Task: Task:attempt_local145472001_0001_r_000000_0 is done. And is in the process of committing
22/06/25 10:18:23 INFO mapred.LocalJobRunner: 1 / 1 copied.
22/06/25 10:18:23 INFO mapred.Task: Task attempt_local145472001_0001_r_000000_0 is allowed to commit now
22/06/25 10:18:23 INFO output.FileOutputCommitter: Saved output of task 'attempt_local145472001_0001_r_000000_0' to hdfs://localhost:54310/outputtopN/_temporary/0/task_local145472001_0001_r_000000
22/06/25 10:18:23 INFO mapred.LocalJobRunner: reduce > reduce
22/06/25 10:18:23 INFO mapred.Task: Task 'attempt_local145472001_0001_r_000000_0' done.
22/06/25 10:18:23 INFO mapred.LocalJobRunner: Finishing task: attempt_local145472001_0001_r_000000_0
22/06/25 10:18:23 INFO mapred.LocalJobRunner: reduce task executor complete.
22/06/25 10:18:24 INFO mapreduce.Job: Job job_local145472001_0001 running in uber mode : false
22/06/25 10:18:24 INFO mapreduce.Job:  map 100% reduce 100%
22/06/25 10:18:24 INFO mapreduce.Job: Job job_local145472001_0001 completed successfully
22/06/25 10:18:24 INFO mapreduce.Job: Counters: 38
	File System Counters
		FILE: Number of bytes read=17794
		FILE: Number of bytes written=516248
		FILE: Number of read operations=0
		FILE: Number of large read operations=0
		FILE: Number of write operations=0
		HDFS: Number of bytes read=206
		HDFS: Number of bytes written=80
		HDFS: Number of read operations=13
		HDFS: Number of large read operations=0
		HDFS: Number of write operations=4
	Map-Reduce Framework
		Map input records=6
		Map output records=15
		Map output bytes=162
		Map output materialized bytes=198
		Input split bytes=103
		Combine input records=0
		Combine output records=0
		Reduce input groups=8
		Reduce shuffle bytes=198
		Reduce input records=15
		Reduce output records=8
		Spilled Records=30
		Shuffled Maps =1
		Failed Shuffles=0
		Merged Map outputs=1
		GC time elapsed (ms)=5
		CPU time spent (ms)=0
		Physical memory (bytes) snapshot=0
		Virtual memory (bytes) snapshot=0
		Total committed heap usage (bytes)=524288000
	Shuffle Errors
		BAD_ID=0
		CONNECTION=0
		IO_ERROR=0
		WRONG_LENGTH=0
		WRONG_MAP=0
		WRONG_REDUCE=0
	File Input Format Counters 
		Bytes Read=103
	File Output Format Counters 
		Bytes Written=80
hduser@bmsce-Precision-T1700:/home/bmsce$ hadoop fs -ls /outputtopN
WARNING: An illegal reflective access operation has occurred
WARNING: Illegal reflective access by org.apache.hadoop.security.authentication.util.KerberosUtil (file:/usr/local/hadoop/share/hadoop/common/lib/hadoop-auth-2.6.0.jar) to method sun.security.krb5.Config.getInstance()
WARNING: Please consider reporting this to the maintainers of org.apache.hadoop.security.authentication.util.KerberosUtil
WARNING: Use --illegal-access=warn to enable warnings of further illegal reflective access operations
WARNING: All illegal access operations will be denied in a future release
Found 2 items
-rw-r--r--   1 hduser supergroup          0 2022-06-25 10:18 /outputtopN/_SUCCESS
-rw-r--r--   1 hduser supergroup         80 2022-06-25 10:18 /outputtopN/part-r-00000
hduser@bmsce-Precision-T1700:/home/bmsce$ hadoop fs -cat /outputtopN/part-r-00000
WARNING: An illegal reflective access operation has occurred
WARNING: Illegal reflective access by org.apache.hadoop.security.authentication.util.KerberosUtil (file:/usr/local/hadoop/share/hadoop/common/lib/hadoop-auth-2.6.0.jar) to method sun.security.krb5.Config.getInstance()
WARNING: Please consider reporting this to the maintainers of org.apache.hadoop.security.authentication.util.KerberosUtil
WARNING: Use --illegal-access=warn to enable warnings of further illegal reflective access operations
WARNING: All illegal access operations will be denied in a future release
bms	4
of	3
engineering	2
college	2
university	1
law	1
colllege	1
architecture	1
hduser@bmsce-Precision-T1700:/home/bmsce$ 


